// Jest Snapshot v1, https://goo.gl/fbAQLP

exports[`Alerts.tsx renders correctly 1`] = `
<styled.div>
  <Component
    key="0"
    level="warning"
  >
    some warning
  </Component>
  <Component
    key="1"
    level="error"
  >
    some error
  </Component>
  ;
</styled.div>
`;
