// Jest Snapshot v1, https://goo.gl/fbAQLP

exports[`NewStaff.tsx renders correctly 1`] = `
<ReactFinalForm
  onSubmit={[MockFunction]}
  render={[Function]}
/>
`;
