// Jest Snapshot v1, https://goo.gl/fbAQLP

exports[`NewGoal.tsx renders correctly 1`] = `
<Main>
  <Styled(BackButton)
    to="/clients/123/goals"
  />
  <GoalForm
    onSubmit={[Function]}
  />
</Main>
`;
