// Jest Snapshot v1, https://goo.gl/fbAQLP

exports[`Button.tsx renders correctly 1`] = `
<styled.button
  className="my-button-class"
>
  My button text
</styled.button>
`;
