// Jest Snapshot v1, https://goo.gl/fbAQLP

exports[`ButtonLink.tsx renders correctly 1`] = `
<Link
  replace={false}
  to="/my/page"
>
  <Button
    className="my-button-link-class"
    to="/my/page"
    white={false}
  >
    My button text
  </Button>
</Link>
`;
