// Jest Snapshot v1, https://goo.gl/fbAQLP

exports[`ChatMessage.tsx renders correctly 1`] = `
<styled.div>
  <Styled(Panel)
    key="1"
    text="test message"
  >
    test message
  </Styled(Panel)>
  <styled.div
    key="2"
    text="test message"
  />
</styled.div>
`;
