// Jest Snapshot v1, https://goo.gl/fbAQLP

exports[`Filter.tsx renders correctly 1`] = `
<styled.div>
  <span>
    Filter
  </span>
  <Styled(Badge)
    key="0"
    text="category 1"
  />
  <Styled(Badge)
    color="#999999"
    key="1"
    text="category 2"
  />
</styled.div>
`;
