// Jest Snapshot v1, https://goo.gl/fbAQLP

exports[`TaskListItem.tsx renders correctly 1`] = `
<Styled(Flex)
  alignItems="flex-start"
  flexDirection="column"
  justifyContent="center"
  p={20}
  width={1}
>
  <Flex
    alignItems="center"
    flexDirection="row"
    theme={
      Object {
        "breakpoints": Array [
          "40em",
          "52em",
          "64em",
        ],
        "fontSizes": Array [
          12,
          14,
          16,
          20,
          24,
          32,
          48,
          64,
          96,
          128,
        ],
        "space": Array [
          0,
          4,
          8,
          16,
          32,
          64,
          128,
          256,
          512,
        ],
      }
    }
  >
    <div
      className="task-completed"
      onClick={[Function]}
    >
      <i
        className="material-icons check_circle_outline"
      >
        check_circle_outline
      </i>
    </div>
    <styled.h3>
      My task
    </styled.h3>
  </Flex>
  <Box
    ml={34}
    theme={
      Object {
        "breakpoints": Array [
          "40em",
          "52em",
          "64em",
        ],
        "fontSizes": Array [
          12,
          14,
          16,
          20,
          24,
          32,
          48,
          64,
          96,
          128,
        ],
        "space": Array [
          0,
          4,
          8,
          16,
          32,
          64,
          128,
          256,
          512,
        ],
      }
    }
  >
    <Styled(Link)
      to="foo/bar/undefined"
    >
      View Steps â†’
    </Styled(Link)>
  </Box>
</Styled(Flex)>
`;
